// Jest Snapshot v1, https://goo.gl/fbAQLP

exports[`HistoryTabDetailContentComponent should render correctly 1`] = `
<View>
  <View
    style={
      Object {
        "alignItems": "center",
        "justifyContent": "center",
        "marginVertical": 13,
      }
    }
  >
    <Text
      style={
        Object {
          "fontSize": 17,
          "fontWeight": "bold",
        }
      }
    />
  </View>
  <ScrollView
    style={
      Object {
        "marginBottom": 100,
      }
    }
  >
    <View
      style={
        Object {
          "flexDirection": "row",
          "flexWrap": "wrap",
          "justifyContent": "space-between",
          "paddingHorizontal": 13,
        }
      }
    >
      <DetailItem
        data={
          Array [
            Object {
              "accounts": Array [
                Object {
                  "amount": "Rp10.000.000",
                  "id": "jenius",
                  "name": "Jenius",
                },
                Object {
                  "amount": "Rp10.200.140.234",
                  "id": "bca",
                  "name": "BCA",
                },
                Object {
                  "amount": "Rp2.040.000",
                  "id": "ovo",
                  "name": "OVO",
                },
                Object {
                  "amount": "Rp1.000",
                  "id": "gopay",
                  "name": "Gopay",
                },
              ],
              "month": "January",
              "totalAmount": "Rp212.181.234",
            },
          ]
        }
        key="0"
        year={2020}
      />
    </View>
  </ScrollView>
</View>
`;
