// Jest Snapshot v1, https://goo.gl/fbAQLP

exports[`#HistoryTabComponent should render correctly 1`] = `
<TabView
  navigationState={
    Object {
      "index": 0,
      "routes": Array [
        Object {
          "key": "first",
          "title": "Chart",
        },
        Object {
          "key": "second",
          "title": "Detail",
        },
      ],
    }
  }
  onIndexChange={[MockFunction]}
  renderTabBar={[Function]}
  style={
    Object {
      "backgroundColor": "#e1e1e1",
    }
  }
  swipeEnabled={true}
/>
`;
