// Jest Snapshot v1, https://goo.gl/fbAQLP

exports[`#HistoryTabDetailComponent should render correctly 1`] = `
<Swiper
  loop={false}
  showsPagination={false}
>
  <View>
    <HistoryTabDetailContent
      data={
        Array [
          Object {
            "assets": Array [
              Object {
                "amount": "Rp10.000.000",
                "id": "jenius",
                "name": "Jenius",
              },
              Object {
                "amount": "Rp10.200.140.234",
                "id": "bca",
                "name": "BCA",
              },
              Object {
                "amount": "Rp2.040.000",
                "id": "ovo",
                "name": "OVO",
              },
              Object {
                "amount": "Rp1.000",
                "id": "gopay",
                "name": "Gopay",
              },
            ],
            "month": "January",
            "totalAmount": "Rp212.181.234",
          },
          Object {
            "assets": Array [
              Object {
                "amount": "Rp10.000.000",
                "id": "jenius",
                "name": "Jenius",
              },
              Object {
                "amount": "Rp10.200.140.234",
                "id": "bca",
                "name": "BCA",
              },
              Object {
                "amount": "Rp2.040.000",
                "id": "ovo",
                "name": "OVO",
              },
              Object {
                "amount": "Rp1.000",
                "id": "gopay",
                "name": "Gopay",
              },
            ],
            "month": "February",
            "totalAmount": "Rp212.181.234",
          },
        ]
      }
      key="0"
      year={2020}
    />
  </View>
  <View>
    <HistoryTabDetailContent
      data={
        Array [
          Object {
            "assets": Array [
              Object {
                "amount": "Rp10.000.000",
                "id": "jenius",
                "name": "Jenius",
              },
              Object {
                "amount": "Rp10.200.140.234",
                "id": "bca",
                "name": "BCA",
              },
              Object {
                "amount": "Rp2.040.000",
                "id": "ovo",
                "name": "OVO",
              },
              Object {
                "amount": "Rp1.000",
                "id": "gopay",
                "name": "Gopay",
              },
            ],
            "month": "January",
            "totalAmount": "Rp212.181.234",
          },
          Object {
            "assets": Array [
              Object {
                "amount": "Rp10.000.000",
                "id": "jenius",
                "name": "Jenius",
              },
              Object {
                "amount": "Rp10.200.140.234",
                "id": "bca",
                "name": "BCA",
              },
              Object {
                "amount": "Rp2.040.000",
                "id": "ovo",
                "name": "OVO",
              },
              Object {
                "amount": "Rp1.000",
                "id": "gopay",
                "name": "Gopay",
              },
            ],
            "month": "February",
            "totalAmount": "Rp212.181.234",
          },
          Object {
            "assets": Array [
              Object {
                "amount": "Rp19.000.000",
                "id": "jenius",
                "name": "Jenius",
              },
              Object {
                "amount": "Rp10.200.140.234",
                "id": "bca",
                "name": "BCA",
              },
              Object {
                "amount": "Rp2.040.000",
                "id": "ovo",
                "name": "OVO",
              },
              Object {
                "amount": "Rp1.000",
                "id": "gopay",
                "name": "Gopay",
              },
            ],
            "month": "March",
            "totalAmount": "Rp221.181.234",
          },
          Object {
            "assets": Array [
              Object {
                "amount": "Rp19.000.000",
                "id": "jenius",
                "name": "Jenius",
              },
              Object {
                "amount": "Rp10.200.140.234",
                "id": "bca",
                "name": "BCA",
              },
              Object {
                "amount": "Rp2.040.000",
                "id": "ovo",
                "name": "OVO",
              },
              Object {
                "amount": "Rp1.000",
                "id": "gopay",
                "name": "Gopay",
              },
            ],
            "month": "April",
            "totalAmount": "Rp221.181.234",
          },
          Object {
            "assets": Array [
              Object {
                "amount": "Rp19.000.000",
                "id": "jenius",
                "name": "Jenius",
              },
              Object {
                "amount": "Rp10.200.140.234",
                "id": "bca",
                "name": "BCA",
              },
              Object {
                "amount": "Rp2.040.000",
                "id": "ovo",
                "name": "OVO",
              },
              Object {
                "amount": "Rp1.000",
                "id": "gopay",
                "name": "Gopay",
              },
            ],
            "month": "May",
            "totalAmount": "Rp221.181.234",
          },
        ]
      }
      key="1"
      year={2021}
    />
  </View>
</Swiper>
`;
